// Jest Snapshot v1, https://goo.gl/fbAQLP

exports[`ProductTitle Debe de mostrar el componente correctamente con el titulo personalizado 1`] = `
<span
  className="productDescription custom-class"
>
  Custom Product
</span>
`;
